[25Sep2026 23:36:14.990] [main/INFO] [cpw.mods.modlauncher.Launcher/MODLAUNCHER]: ModLauncher running: args [--launchTarget, forgeclientdev, --version, 21.1.224, --assetIndex, 17, --assetsDir, C:\\Users\\darkp\\.gradle\\caches\\neoformruntime\\assets, --gameDir, ., --fml.fmlVersion, 4.0.42, --fml.mcVersion, 1.21.1, --fml.neoForgeVersion, 21.1.224, --fml.neoFormVersion, 20240808.144430]
[25Sep2026 23:36:15.003] [main/INFO] [cpw.mods.modlauncher.Launcher/MODLAUNCHER]: JVM identified as Eclipse Adoptium OpenJDK 64-Bit Server VM 21.0.6+7-LTS
[25Sep2026 23:36:15.010] [main/INFO] [cpw.mods.modlauncher.Launcher/MODLAUNCHER]: ModLauncher 11.0.5+main.901c6ea8 starting: java version 21.0.6 by Eclipse Adoptium; OS Windows 11 arch amd64 version 10.0
[25Sep2026 23:36:15.700] [main/INFO] [net.neoforged.fml.loading.ImmediateWindowHandler/]: Loading ImmediateWindowProvider fmlearlywindow
[25Sep2026 23:36:16.260] [main/INFO] [EARLYDISPLAY/]: Trying GL version 4.6
[25Sep2026 23:36:16.575] [main/INFO] [EARLYDISPLAY/]: Requested GL version 4.6 got version 4.6
[25Sep2026 23:36:16.951] [main/INFO] [mixin/]: SpongePowered MIXIN Subsystem Version=0.8.7 Source=union:/C:/Users/darkp/.gradle/caches/modules-2/files-2.1/net.fabricmc/sponge-mixin/0.15.2+mixin.0.8.7/2af2f021d8e02a0220dc27a7a72b4666d66d44ca/sponge-mixin-0.15.2+mixin.0.8.7.jar%23138!/ Service=ModLauncher Env=CLIENT
[25Sep2026 23:36:17.913] [pool-2-thread-1/INFO] [EARLYDISPLAY/]: GL info: Intel(R) Iris(R) Plus Graphics GL version 4.6.0 - Build 31.0.101.2130, Intel
[25Sep2026 23:36:19.115] [main/INFO] [net.neoforged.fml.loading.moddiscovery.locators.JarInJarDependencyLocator/]: Found 2 dependencies adding them to mods collection
[25Sep2026 23:36:19.124] [main/INFO] [net.neoforged.fml.loading.moddiscovery.ModDiscoverer/]: 
     Mod List:
		Name Version (Mod Id)

		Ace's Spell Utils 1.2.7.2-1.21.1 (aces_spell_utils)
		AzureLib 3.1.3 (azurelib)
		Caelus API 7.0.1+1.21.1 (caelus)
		Curios API 9.5.1+1.21.1 (curios)
		Embeddium 1.0.15+mc1.21.1 (embeddium)
		GeckoLib 4 4.9.3 (geckolib)
		Hazen's Archaic Hexerei Armaments 1.0.0 (hazens_archaic_hexerei_armaments)
		HazentouveLib 1.0.11 (hazentouvelib)
		Iron's Arms 'n Artifice 1.21.1-1.0.1 (irons_artifice)
		Iron's Lib 1.21.1-2.2.0 (irons_lib)
		Iron's Spells 'n Spellbooks 1.21.1-3.16.3 (irons_spellbooks)
		Jade 15.10.3+neoforge (jade)
		Just Enough Items 19.25.0.322 (jei)
		Minecraft 1.21.1 (minecraft)
		MmmMmmMmmMmm 1.21-2.0.11 (dummmmmmy)
		Moonlight Lib 1.21-2.29.18 (moonlight)
		NeoForge 21.1.224 (neoforge)
		Player Animator 2.0.1+1.21.1 (playeranimator)
[25Sep2026 23:36:27.402] [main/INFO] [mixin/]: Compatibility level set to JAVA_21
[25Sep2026 23:36:28.248] [main/INFO] [cpw.mods.modlauncher.LaunchServiceHandler/MODLAUNCHER]: Launching target 'forgeclientdev' with arguments [--version, 21.1.224, --gameDir, ., --assetsDir, C:\Users\darkp\.gradle\caches\neoformruntime\assets, --assetIndex, 17]
[25Sep2026 23:36:29.463] [main/WARN] [mixin/]: Reference map 'irons_spellbooks.refmap.json' for irons_spellbooks.mixins.json could not be read. If this is a development environment you can ignore this message
[25Sep2026 23:36:29.474] [main/WARN] [mixin/]: Reference map 'aces_spell_utils.refmap.json' for aces_spell_utils.mixins.json could not be read. If this is a development environment you can ignore this message
[25Sep2026 23:36:29.532] [main/WARN] [mixin/]: Reference map 'geckolib.refmap.json' for geckolib.mixins.json could not be read. If this is a development environment you can ignore this message
[25Sep2026 23:36:29.656] [main/WARN] [mixin/]: Reference map 'irons_lib.refmap.json' for irons_lib.mixins.json could not be read. If this is a development environment you can ignore this message
[25Sep2026 23:36:29.681] [main/WARN] [mixin/]: Reference map 'curios.refmap.json' for curios.neoforge.mixins.json could not be read. If this is a development environment you can ignore this message
[25Sep2026 23:36:29.686] [main/WARN] [mixin/]: Reference map 'curios.refmap.json' for curios.mixins.json could not be read. If this is a development environment you can ignore this message
[25Sep2026 23:36:29.772] [main/INFO] [Embeddium/]: Loaded configuration file for Embeddium: 63 options available, 0 override(s) found
[25Sep2026 23:36:29.790] [main/INFO] [Embeddium-GraphicsAdapterProbe/]: Searching for graphics cards...
[25Sep2026 23:36:35.555] [main/INFO] [Embeddium-GraphicsAdapterProbe/]: Found graphics card: GraphicsAdapterInfo[vendor=INTEL, name=Intel(R) Iris(R) Plus Graphics, version=31.0.101.2130]
[25Sep2026 23:36:35.691] [main/WARN] [mixin/]: Reference map 'embeddium-refmap.json' for embeddium.mixins.json could not be read. If this is a development environment you can ignore this message
[25Sep2026 23:36:35.772] [main/WARN] [mixin/]: Reference map 'hazentouvelib.refmap.json' for hazentouvelib.mixins.json could not be read. If this is a development environment you can ignore this message
[25Sep2026 23:36:45.657] [main/INFO] [MixinExtras|Service/]: Initializing MixinExtras via com.llamalad7.mixinextras.service.MixinExtrasServiceImpl(version=0.5.3).
[25Sep2026 23:37:03.667] [Datafixer Bootstrap/INFO] [com.mojang.datafixers.DataFixerBuilder/]: 229 Datafixer optimizations took 3818 milliseconds
[25Sep2026 23:37:35.132] [main/WARN] [net.minecraft.commands.Commands/]: Ambiguity between arguments [teleport, location] and [teleport, destination] with inputs: [0.1 -0.5 .9, 0 0 0]
[25Sep2026 23:37:35.138] [main/WARN] [net.minecraft.commands.Commands/]: Ambiguity between arguments [teleport, location] and [teleport, targets] with inputs: [0.1 -0.5 .9, 0 0 0]
[25Sep2026 23:37:35.151] [main/WARN] [net.minecraft.commands.Commands/]: Ambiguity between arguments [teleport, destination] and [teleport, targets] with inputs: [Player, 0123, @e, dd12be42-52a9-4a91-a8a1-11c01849e498]
[25Sep2026 23:37:35.156] [main/WARN] [net.minecraft.commands.Commands/]: Ambiguity between arguments [teleport, targets] and [teleport, destination] with inputs: [Player, 0123, dd12be42-52a9-4a91-a8a1-11c01849e498]
[25Sep2026 23:37:35.162] [main/WARN] [net.minecraft.commands.Commands/]: Ambiguity between arguments [teleport, targets, location] and [teleport, targets, destination] with inputs: [0.1 -0.5 .9, 0 0 0]
[25Sep2026 23:37:36.063] [Render thread/WARN] [net.minecraft.server.packs.VanillaPackResourcesBuilder/]: Assets URL 'union:/D:/Hazens%20InteliJ/HAHA-1.21.1/build/moddev/artifacts/neoforge-21.1.224.jar%23189!/assets/.mcassetsroot' uses unexpected schema
[25Sep2026 23:37:36.064] [Render thread/WARN] [net.minecraft.server.packs.VanillaPackResourcesBuilder/]: Assets URL 'union:/D:/Hazens%20InteliJ/HAHA-1.21.1/build/moddev/artifacts/neoforge-21.1.224.jar%23189!/data/.mcassetsroot' uses unexpected schema
[25Sep2026 23:37:36.200] [Render thread/INFO] [com.mojang.authlib.yggdrasil.YggdrasilAuthenticationService/]: Environment: Environment[sessionHost=https://sessionserver.mojang.com, servicesHost=https://api.minecraftservices.com, name=PROD]
[25Sep2026 23:37:36.262] [Render thread/INFO] [net.minecraft.client.Minecraft/]: Setting user: Dev
[25Sep2026 23:37:36.740] [Render thread/INFO] [net.minecraft.client.Minecraft/]: Backend library: LWJGL version 3.3.3+5
[25Sep2026 23:37:37.891] [Render thread/INFO] [Embeddium-PostlaunchChecks/]: OpenGL Vendor: Intel
[25Sep2026 23:37:37.892] [Render thread/INFO] [Embeddium-PostlaunchChecks/]: OpenGL Renderer: Intel(R) Iris(R) Plus Graphics
[25Sep2026 23:37:37.893] [Render thread/INFO] [Embeddium-PostlaunchChecks/]: OpenGL Version: 4.6.0 - Build 31.0.101.2130
[25Sep2026 23:37:42.001] [modloading-worker-0/INFO] [Moonlight/]: Detected config change in moonlight-common.toml, from neoforge config event
[25Sep2026 23:37:42.015] [modloading-worker-0/INFO] [azurelib/FileWatching]: Registered azurelib config for auto-sync function
[25Sep2026 23:37:42.350] [modloading-worker-0/INFO] [net.neoforged.neoforge.common.NeoForgeMod/NEOFORGE-MOD]: NeoForge mod loading, version 21.1.224, for MC 1.21.1
[25Sep2026 23:37:42.658] [modloading-worker-0/INFO] [mezz.jei.library.load.PluginCaller/]: Sending ConfigManager...
[25Sep2026 23:37:42.679] [modloading-worker-0/INFO] [mezz.jei.library.load.PluginCaller/]: Sending ConfigManager took 14.50 milliseconds
[25Sep2026 23:37:46.829] [modloading-sync-worker/INFO] [Moonlight/]: Initialized block sets in 34ms
[25Sep2026 23:37:48.242] [modloading-sync-worker/INFO] [Moonlight/]: Detected config change in moonlight-common.toml, from neoforge config event
[25Sep2026 23:37:48.548] [Render thread/INFO] [Moonlight/]: Merging 1 images using mode MIN_AREA_NO_UPSCALE
[25Sep2026 23:37:56.283] [Render thread/INFO] [net.neoforged.neoforge.gametest.GameTestHooks/]: Enabled Gametest Namespaces: [hazens_archaic_hexerei_armaments]
[25Sep2026 23:38:02.886] [Render thread/INFO] [net.minecraft.server.packs.resources.ReloadableResourceManager/]: Reloading ResourceManager: vanilla, mod_resources, mod/irons_spellbooks, mod/aces_spell_utils, mod/moonlight, mod/jade, mod/geckolib, mod/playeranimator, mod/jei, mod/irons_lib, mod/azurelib, mod/caelus, mod/dummmmmmy, mod/curios, mod/embeddium, mod/hazentouvelib, mod/neoforge, mod/irons_artifice, mod/hazens_archaic_hexerei_armaments, moonlight:merged_pack
[25Sep2026 23:38:03.030] [Worker-Main-1/INFO] [Moonlight/]: Resource cache state for CLIENT_RESOURCES: up to date
[25Sep2026 23:38:03.033] [Worker-Main-1/INFO] [Moonlight/]: Starting runtime resource generation for pack type CLIENT_RESOURCES with generators [moonlight:dynamic_resources]
[25Sep2026 23:38:03.050] [Worker-Main-1/INFO] [Moonlight/]: Regenerating Dynamic CLIENT_RESOURCES Resources Provider [moonlight:dynamic_resources], requested by strategy REGEN_ON_EVERY_RELOAD
[25Sep2026 23:38:03.088] [Worker-Main-1/INFO] [Moonlight/]: Generated runtime CLIENT_RESOURCES for pack moonlight:dynamic_resources in 33.39 ms
[25Sep2026 23:38:03.090] [Worker-Main-1/INFO] [Moonlight/]: Finished runtime resources generation for 1 packs in a total of 56.88 ms 
[25Sep2026 23:38:03.363] [Worker-Main-4/WARN] [GeckoLib/]: Found animation file with improper file name format; animation files should end in .animation.json: 'irons_spellbooks:animations/casting_animations.json'
[25Sep2026 23:38:03.443] [NeoForge Version Check/INFO] [net.neoforged.fml.VersionChecker/]: [moonlight] Starting version check at https://api.modrinth.com/updates/moonlight/neoforge_updates.json
[25Sep2026 23:38:03.705] [Render thread/INFO] [Moonlight/]: Initialized color sets in 68ms
[25Sep2026 23:38:03.795] [Worker-Main-4/WARN] [GeckoLib/]: Found animation file with improper file name format; animation files should end in .animation.json: 'irons_spellbooks:animations/ice_block_animations.json'
[25Sep2026 23:38:04.088] [Worker-Main-3/WARN] [GeckoLib/]: Unsupported geometry json version for model hazens_archaic_hexerei_armaments:geo/block/statue/nora_statue_pose_1.geo.json. Supported versions: 1.12.0
[25Sep2026 23:38:04.204] [Worker-Main-3/WARN] [GeckoLib/]: Unsupported geometry json version for model hazens_archaic_hexerei_armaments:geo/block/statue/nora_statue_pose_2.geo.json. Supported versions: 1.12.0
[25Sep2026 23:38:04.380] [Worker-Main-3/WARN] [GeckoLib/]: Unsupported geometry json version for model hazens_archaic_hexerei_armaments:geo/block/statue/nora_statue_pose_3.geo.json. Supported versions: 1.12.0
[25Sep2026 23:38:04.438] [Worker-Main-3/WARN] [GeckoLib/]: Unsupported geometry json version for model hazens_archaic_hexerei_armaments:geo/block/statue/nora_statue_pose_4.geo.json. Supported versions: 1.12.0
[25Sep2026 23:38:04.583] [NeoForge Version Check/WARN] [net.neoforged.fml.VersionChecker/]: Failed to process update information
java.lang.NullPointerException: Cannot invoke "java.util.Map.get(Object)" because "promos" is null
	at MC-BOOTSTRAP/fml_loader@4.0.42/net.neoforged.fml.VersionChecker$1.process(VersionChecker.java:173) ~[loader-4.0.42.jar%23146!/:4.0]
	at java.base/java.lang.Iterable.forEach(Iterable.java:75) [?:?]
	at MC-BOOTSTRAP/fml_loader@4.0.42/net.neoforged.fml.VersionChecker$1.run(VersionChecker.java:105) [loader-4.0.42.jar%23146!/:4.0]
[25Sep2026 23:38:04.627] [Worker-Main-6/WARN] [GeckoLib/]: Unsupported geometry json version for model irons_artifice:geo/item/arquebus.geo.json. Supported versions: 1.12.0
[25Sep2026 23:38:04.636] [Worker-Main-3/WARN] [GeckoLib/]: Unsupported geometry json version for model irons_artifice:geo/item/blunderbuss.geo.json. Supported versions: 1.12.0
[25Sep2026 23:38:04.637] [Worker-Main-6/WARN] [GeckoLib/]: Unsupported geometry json version for model irons_artifice:geo/item/blackpowder_revolver.geo.json. Supported versions: 1.12.0
[25Sep2026 23:38:04.637] [Worker-Main-3/WARN] [GeckoLib/]: Unsupported geometry json version for model irons_artifice:geo/item/clockwork_rifle.geo.json. Supported versions: 1.12.0
[25Sep2026 23:38:04.640] [Worker-Main-3/WARN] [GeckoLib/]: Unsupported geometry json version for model irons_artifice:geo/item/flintlock.geo.json. Supported versions: 1.12.0
[25Sep2026 23:38:04.641] [Worker-Main-6/WARN] [GeckoLib/]: Unsupported geometry json version for model irons_artifice:geo/item/example_revolver.geo.json. Supported versions: 1.12.0
[25Sep2026 23:38:04.646] [Worker-Main-4/WARN] [GeckoLib/]: Found animation file with improper file name format; animation files should end in .animation.json: 'irons_spellbooks:animations/root_animations.json'
[25Sep2026 23:38:04.650] [Worker-Main-4/WARN] [GeckoLib/]: Found animation file with improper file name format; animation files should end in .animation.json: 'irons_spellbooks:animations/spectral_hammer.json'
[25Sep2026 23:38:04.655] [Worker-Main-4/WARN] [GeckoLib/]: Found animation file with improper file name format; animation files should end in .animation.json: 'irons_spellbooks:animations/summoned_weapon_animations.json'
[25Sep2026 23:38:04.657] [Worker-Main-4/WARN] [GeckoLib/]: Found animation file with improper file name format; animation files should end in .animation.json: 'irons_spellbooks:animations/void_tentacle_animations.json'
[25Sep2026 23:38:04.661] [Worker-Main-4/WARN] [GeckoLib/]: Found animation file with improper file name format; animation files should end in .animation.json: 'irons_lib:animations/wizard_armor_animation.json'
[25Sep2026 23:38:04.662] [Worker-Main-4/WARN] [GeckoLib/]: Found animation file with improper file name format; animation files should end in .animation.json: 'irons_spellbooks:animations/wizard_armor_animation.json'
[25Sep2026 23:38:04.675] [Worker-Main-6/WARN] [GeckoLib/]: Unsupported geometry json version for model irons_artifice:geo/item/hand_cannon.geo.json. Supported versions: 1.12.0
[25Sep2026 23:38:04.680] [Worker-Main-6/WARN] [GeckoLib/]: Unsupported geometry json version for model irons_artifice:geo/item/musket.geo.json. Supported versions: 1.12.0
[25Sep2026 23:38:04.683] [Worker-Main-6/WARN] [GeckoLib/]: Unsupported geometry json version for model irons_artifice:geo/item/six_shooter.geo.json. Supported versions: 1.12.0
[25Sep2026 23:38:04.685] [Worker-Main-6/WARN] [GeckoLib/]: Unsupported geometry json version: 1.21.0 for model irons_artifice:geo/item/spyglass_scope.geo.json. Supported versions: 1.12.0. Remove any rotated face UVs and re-export the model to fix
[25Sep2026 23:38:04.686] [Worker-Main-3/WARN] [GeckoLib/]: Unsupported geometry json version for model hazens_archaic_hexerei_armaments:geo/item/royaltys_barrel.geo.json. Supported versions: 1.12.0
[25Sep2026 23:38:04.687] [Worker-Main-6/WARN] [GeckoLib/]: Unsupported geometry json version: 1.21.0 for model irons_artifice:geo/item/suppressor.geo.json. Supported versions: 1.12.0. Remove any rotated face UVs and re-export the model to fix
[25Sep2026 23:38:04.696] [Worker-Main-3/WARN] [GeckoLib/]: Unsupported geometry json version for model hazens_archaic_hexerei_armaments:geo/item/tactical_crossgun.geo.json. Supported versions: 1.12.0
[25Sep2026 23:38:04.957] [Worker-Main-6/INFO] [net.minecraft.client.gui.font.providers.UnihexProvider/]: Found unifont_all_no_pua-15.1.05.hex, loading
[25Sep2026 23:38:06.513] [Worker-Main-6/INFO] [net.minecraft.client.gui.font.providers.UnihexProvider/]: Found unifont_jp_patch-15.1.05.hex, loading
[25Sep2026 23:38:07.759] [Worker-Main-2/WARN] [net.minecraft.client.renderer.texture.SpriteContents/]: Unused frames in sprite irons_spellbooks:item/upgrade_orb_ender: [1, 5, 6, 7]
[25Sep2026 23:38:07.795] [Worker-Main-1/WARN] [net.minecraft.client.renderer.texture.SpriteContents/]: Unused frames in sprite irons_spellbooks:item/energized_core_energy: [11]
[25Sep2026 23:38:12.057] [Worker-Main-5/WARN] [net.minecraft.client.resources.model.ModelBakery/]: Unable to load model: 'aces_spell_utils:item/example_armor_boots' referenced from: aces_spell_utils:item/example_armor_boots: java.io.FileNotFoundException: aces_spell_utils:models/item/example_armor_boots.json
[25Sep2026 23:38:12.060] [Worker-Main-5/WARN] [net.minecraft.client.resources.model.ModelBakery/]: Unable to load model: 'aces_spell_utils:item/example_armor_leggings' referenced from: aces_spell_utils:item/example_armor_leggings: java.io.FileNotFoundException: aces_spell_utils:models/item/example_armor_leggings.json
[25Sep2026 23:38:12.062] [Worker-Main-5/WARN] [net.minecraft.client.resources.model.ModelBakery/]: Unable to load model: 'aces_spell_utils:item/example_armor_chestplate' referenced from: aces_spell_utils:item/example_armor_chestplate: java.io.FileNotFoundException: aces_spell_utils:models/item/example_armor_chestplate.json
[25Sep2026 23:38:12.064] [Worker-Main-5/WARN] [net.minecraft.client.resources.model.ModelBakery/]: Unable to load model: 'aces_spell_utils:item/example_armor_helmet' referenced from: aces_spell_utils:item/example_armor_helmet: java.io.FileNotFoundException: aces_spell_utils:models/item/example_armor_helmet.json
[25Sep2026 23:38:12.077] [Worker-Main-5/WARN] [net.minecraft.client.resources.model.ModelBakery/]: Unable to load model: 'irons_spellbooks:item/template_open_spell_book_model' referenced from: irons_spellbooks:item/template_open_spell_book_model: java.io.FileNotFoundException: irons_spellbooks:models/item/template_open_spell_book_model.json
[25Sep2026 23:38:12.297] [Worker-Main-5/WARN] [net.minecraft.client.renderer.block.model.BlockModel/]: Found 'parent' loop while loading model 'aces_spell_utils:item/example_gun' in chain: aces_spell_utils:item/example_gun -> aces_spell_utils:item/example_gun
[25Sep2026 23:38:15.593] [Worker-Main-5/WARN] [net.minecraft.client.resources.model.ModelManager/]: Missing textures in model aces_spell_utils:item/scroll_ritual#standalone:
    minecraft:textures/atlas/blocks.png:aces_spell_utils:item/scroll_ritual
[25Sep2026 23:38:15.595] [Worker-Main-5/WARN] [net.minecraft.client.resources.model.ModelManager/]: Missing textures in model aces_spell_utils:item/affinity_ring_ritual#standalone:
    minecraft:textures/atlas/blocks.png:discerning_the_eldritch:item/affinity_ring_ritual
[25Sep2026 23:38:15.596] [Worker-Main-5/WARN] [net.minecraft.client.resources.model.ModelManager/]: Missing textures in model aces_spell_utils:item/affinity_ring_hydro#standalone:
    minecraft:textures/atlas/blocks.png:discerning_the_eldritch:item/affinity_ring_hydro
[25Sep2026 23:38:15.810] [Worker-Main-6/INFO] [io.redspace.ironsspellbooks.IronsSpellbooks/]: Got IMC []
[25Sep2026 23:38:16.023] [Worker-Main-6/INFO] [snownee.jade.Jade/]: Start loading plugin from snownee.jade.addon.vanilla.VanillaPlugin
[25Sep2026 23:38:16.253] [Worker-Main-6/INFO] [snownee.jade.Jade/]: Bootstrapped plugin from snownee.jade.addon.vanilla.VanillaPlugin in 218.8 ms
[25Sep2026 23:38:16.314] [Worker-Main-6/INFO] [snownee.jade.Jade/]: Loaded plugin from snownee.jade.addon.vanilla.VanillaPlugin in 280.6 ms
[25Sep2026 23:38:16.315] [Worker-Main-6/INFO] [snownee.jade.Jade/]: Start loading plugin from snownee.jade.addon.universal.UniversalPlugin
[25Sep2026 23:38:16.347] [Worker-Main-6/INFO] [snownee.jade.Jade/]: Bootstrapped plugin from snownee.jade.addon.universal.UniversalPlugin in 28.75 ms
[25Sep2026 23:38:16.349] [Worker-Main-6/INFO] [snownee.jade.Jade/]: Loaded plugin from snownee.jade.addon.universal.UniversalPlugin in 30.52 ms
[25Sep2026 23:38:16.350] [Worker-Main-6/INFO] [snownee.jade.Jade/]: Start loading plugin from snownee.jade.addon.debug.DebugPlugin
[25Sep2026 23:38:16.369] [Worker-Main-6/INFO] [snownee.jade.Jade/]: Bootstrapped plugin from snownee.jade.addon.debug.DebugPlugin in 15.10 ms
[25Sep2026 23:38:16.370] [Worker-Main-6/INFO] [snownee.jade.Jade/]: Loaded plugin from snownee.jade.addon.debug.DebugPlugin in 16.29 ms
[25Sep2026 23:38:16.370] [Worker-Main-6/INFO] [snownee.jade.Jade/]: Start loading plugin from snownee.jade.addon.core.CorePlugin
[25Sep2026 23:38:16.398] [Worker-Main-6/INFO] [snownee.jade.Jade/]: Bootstrapped plugin from snownee.jade.addon.core.CorePlugin in 23.93 ms
[25Sep2026 23:38:16.399] [Worker-Main-6/INFO] [snownee.jade.Jade/]: Loaded plugin from snownee.jade.addon.core.CorePlugin in 25.12 ms
[25Sep2026 23:38:16.400] [Worker-Main-6/INFO] [snownee.jade.Jade/]: Start loading plugin from snownee.jade.addon.access.AccessibilityPlugin
[25Sep2026 23:38:16.417] [Worker-Main-6/INFO] [snownee.jade.Jade/]: Bootstrapped plugin from snownee.jade.addon.access.AccessibilityPlugin in 15.37 ms
[25Sep2026 23:38:16.419] [Worker-Main-6/INFO] [snownee.jade.Jade/]: Loaded plugin from snownee.jade.addon.access.AccessibilityPlugin in 17.35 ms
[25Sep2026 23:38:17.554] [Render thread/WARN] [net.minecraft.client.sounds.SoundEngine/]: Missing sound for event: minecraft:item.goat_horn.play
[25Sep2026 23:38:17.554] [Render thread/WARN] [net.minecraft.client.sounds.SoundEngine/]: Missing sound for event: minecraft:entity.goat.screaming.horn_break
[25Sep2026 23:38:17.556] [Render thread/WARN] [net.minecraft.client.sounds.SoundEngine/]: Missing sound for event: irons_spellbooks:entity.generic.swing_weird
[25Sep2026 23:38:17.556] [Render thread/WARN] [net.minecraft.client.sounds.SoundEngine/]: Missing sound for event: irons_spellbooks:entity.dead_king.music.drum_loop
[25Sep2026 23:38:20.978] [Render thread/INFO] [com.mojang.blaze3d.audio.Library/]: OpenAL initialized on device OpenAL Soft on FxSound Speakers (FxSound Audio Enhancer)
[25Sep2026 23:38:20.980] [Render thread/INFO] [net.minecraft.client.sounds.SoundEngine/SOUNDS]: Sound engine started
[25Sep2026 23:38:21.211] [Render thread/INFO] [net.minecraft.client.renderer.texture.TextureAtlas/]: Created: 2048x1024x4 minecraft:textures/atlas/blocks.png-atlas
[25Sep2026 23:38:34.706] [Render thread/INFO] [net.minecraft.client.renderer.texture.TextureAtlas/]: Created: 256x256x4 minecraft:textures/atlas/signs.png-atlas
[25Sep2026 23:38:34.939] [Render thread/INFO] [net.minecraft.client.renderer.texture.TextureAtlas/]: Created: 512x512x4 minecraft:textures/atlas/shield_patterns.png-atlas
[25Sep2026 23:38:35.419] [Render thread/INFO] [net.minecraft.client.renderer.texture.TextureAtlas/]: Created: 512x512x4 minecraft:textures/atlas/banner_patterns.png-atlas
[25Sep2026 23:38:35.910] [Render thread/INFO] [net.minecraft.client.renderer.texture.TextureAtlas/]: Created: 1024x1024x4 minecraft:textures/atlas/armor_trims.png-atlas
[25Sep2026 23:38:38.347] [Render thread/INFO] [net.minecraft.client.renderer.texture.TextureAtlas/]: Created: 128x64x4 minecraft:textures/atlas/decorated_pot.png-atlas
[25Sep2026 23:38:38.360] [Render thread/INFO] [net.minecraft.client.renderer.texture.TextureAtlas/]: Created: 256x256x4 minecraft:textures/atlas/chest.png-atlas
[25Sep2026 23:38:38.367] [Render thread/INFO] [net.minecraft.client.renderer.texture.TextureAtlas/]: Created: 512x256x4 minecraft:textures/atlas/beds.png-atlas
[25Sep2026 23:38:38.371] [Render thread/INFO] [net.minecraft.client.renderer.texture.TextureAtlas/]: Created: 512x256x4 minecraft:textures/atlas/shulker_boxes.png-atlas
[25Sep2026 23:38:39.322] [Render thread/INFO] [net.minecraft.client.renderer.texture.TextureAtlas/]: Created: 1024x1024x0 minecraft:textures/atlas/particles.png-atlas
[25Sep2026 23:38:39.751] [Render thread/INFO] [net.minecraft.client.renderer.texture.TextureAtlas/]: Created: 512x256x0 minecraft:textures/atlas/paintings.png-atlas
[25Sep2026 23:38:39.768] [Render thread/INFO] [net.minecraft.client.renderer.texture.TextureAtlas/]: Created: 256x128x0 minecraft:textures/atlas/mob_effects.png-atlas
[25Sep2026 23:38:40.082] [Render thread/INFO] [net.minecraft.client.renderer.texture.TextureAtlas/]: Created: 256x256x0 minecraft:textures/atlas/map_decorations.png-atlas
[25Sep2026 23:38:40.086] [Render thread/INFO] [net.minecraft.client.renderer.texture.TextureAtlas/]: Created: 1024x1024x0 minecraft:textures/atlas/gui.png-atlas
[25Sep2026 23:38:42.874] [Render thread/WARN] [net.minecraft.client.renderer.ShaderInstance/]: Shader rendertype_entity_translucent_emissive could not find sampler named Sampler2 in the specified shader program.
[25Sep2026 23:38:47.649] [Render thread/WARN] [dev.kosmx.playerAnim.minecraftApi.PlayerAnimationRegistry/]: [WARNING FOR MOD DEVS] Animation player_animation/casting_animations.json is in wrong directory: "player_animation", please place it in "player_animations".
[25Sep2026 23:38:47.701] [Render thread/INFO] [net.minecraft.client.renderer.texture.TextureAtlas/]: Created: 256x256x0 jei:textures/atlas/gui.png-atlas
[25Sep2026 23:38:47.729] [Render thread/INFO] [net.neoforged.neoforge.client.entity.animation.json.AnimationLoader/]: Loaded 0 entity animations
[25Sep2026 23:39:07.206] [Render thread/INFO] [net.minecraft.world.item.crafting.RecipeManager/]: Loaded 1601 recipes
[25Sep2026 23:39:08.282] [Render thread/INFO] [net.minecraft.advancements.AdvancementTree/]: Loaded 1578 advancements
[25Sep2026 23:39:08.359] [Render thread/INFO] [Curios API/]: Loaded 13 curio slots
[25Sep2026 23:39:08.370] [Render thread/INFO] [Curios API/]: Loaded 1 curio entities
[25Sep2026 23:39:08.404] [Render thread/INFO] [Moonlight/]: Failed to load custom color set definition {"id":"quark:rune","colors":{"default":"quark:blank_rune"},"replace":false}. Ignoring
[25Sep2026 23:39:08.405] [Render thread/INFO] [Moonlight/]: Failed to load custom color set definition {"id":"suppsquared:sack","colors":{"default":"supplementaries:sack"},"replace":false}. Ignoring
[25Sep2026 23:39:08.405] [Render thread/INFO] [Moonlight/]: Failed to load custom color set definition {"id":"quark:shard","colors":{"default":"quark:clear_shard"},"replace":false}. Ignoring
[25Sep2026 23:39:11.088] [Render thread/INFO] [snownee.jade.Jade/]: LootTableMineableCollector took 39.58 ms
[25Sep2026 23:39:11.705] [Server thread/INFO] [net.minecraft.client.server.IntegratedServer/]: Starting integrated minecraft server version 1.21.1
[25Sep2026 23:39:11.706] [Server thread/INFO] [net.minecraft.server.MinecraftServer/]: Generating keypair
[25Sep2026 23:39:13.205] [Server thread/INFO] [net.minecraft.server.MinecraftServer/]: Preparing start region for dimension minecraft:overworld
[25Sep2026 23:39:14.795] [progressListener/INFO] [net.minecraft.server.level.progress.LoggerChunkProgressListener/]: Preparing spawn area: 0%
[25Sep2026 23:39:14.797] [progressListener/INFO] [net.minecraft.server.level.progress.LoggerChunkProgressListener/]: Preparing spawn area: 0%
[25Sep2026 23:39:14.797] [progressListener/INFO] [net.minecraft.server.level.progress.LoggerChunkProgressListener/]: Preparing spawn area: 0%
[25Sep2026 23:39:14.797] [progressListener/INFO] [net.minecraft.server.level.progress.LoggerChunkProgressListener/]: Preparing spawn area: 0%
[25Sep2026 23:39:15.293] [Server thread/INFO] [net.neoforged.neoforge.server.permission.PermissionAPI/]: Successfully initialized permission handler neoforge:default_handler
[25Sep2026 23:39:15.365] [progressListener/INFO] [net.minecraft.server.level.progress.LoggerChunkProgressListener/]: Time elapsed: 2137 ms
[25Sep2026 23:39:16.049] [ForkJoinPool.commonPool-worker-4/INFO] [io.redspace.ironslib.IronsLib/]: Loaded 229
[25Sep2026 23:39:16.123] [Server thread/INFO] [net.minecraft.client.server.IntegratedServer/]: Changing view distance to 8, from 10
[25Sep2026 23:39:16.124] [Server thread/INFO] [net.minecraft.client.server.IntegratedServer/]: Changing simulation distance to 7, from 0
[25Sep2026 23:39:20.618] [Server thread/INFO] [net.minecraft.server.players.PlayerList/]: Dev[local:E:4d9f035f] logged in with entity id 2 at (32.064269938418015, -60.0, -43.72223488592163)
[25Sep2026 23:39:21.062] [Render thread/WARN] [mixin/]: Error loading class: net/fabricmc/fabric/api/blockview/v2/FabricBlockView (java.lang.ClassNotFoundException: net.fabricmc.fabric.api.blockview.v2.FabricBlockView)
[25Sep2026 23:39:21.065] [Render thread/WARN] [mixin/]: Error loading class: net/fabricmc/fabric/api/rendering/data/v1/RenderAttachedBlockView (java.lang.ClassNotFoundException: net.fabricmc.fabric.api.rendering.data.v1.RenderAttachedBlockView)
[25Sep2026 23:39:21.155] [Server thread/INFO] [net.minecraft.server.MinecraftServer/]: Dev joined the game
[25Sep2026 23:39:21.265] [Render thread/INFO] [ChunkBuilder/]: Started 2 worker threads
[25Sep2026 23:39:21.582] [Render thread/INFO] [io.redspace.ironsspellbooks.IronsSpellbooks/]: Handling spell config sync 0 files
[25Sep2026 23:39:22.946] [Render thread/INFO] [mezz.jei.core.util.LoggedTimer/]: Starting JEI...
[25Sep2026 23:39:22.981] [Render thread/INFO] [mezz.jei.library.load.PluginCaller/]: Registering item subtypes...
[25Sep2026 23:39:23.003] [Render thread/INFO] [mezz.jei.library.load.PluginCallerTimerRunnable/]: Registering item subtypes: jei:minecraft took 21.00 milliseconds
[25Sep2026 23:39:23.014] [Render thread/INFO] [mezz.jei.library.load.PluginCaller/]: Registering item subtypes took 32.03 milliseconds
[25Sep2026 23:39:23.015] [Render thread/INFO] [mezz.jei.library.load.PluginCaller/]: Registering fluid subtypes...
[25Sep2026 23:39:23.022] [Render thread/INFO] [mezz.jei.library.load.PluginCaller/]: Registering fluid subtypes took 6.695 milliseconds
[25Sep2026 23:39:23.029] [Render thread/INFO] [mezz.jei.library.load.PluginCaller/]: Registering ingredients...
[25Sep2026 23:39:23.627] [Render thread/INFO] [mezz.jei.library.load.PluginCallerTimerRunnable/]: Registering ingredients: jei:minecraft took 597.4 milliseconds
[25Sep2026 23:39:23.629] [Render thread/INFO] [mezz.jei.library.load.PluginCaller/]: Registering ingredients took 600.0 milliseconds
[25Sep2026 23:39:23.630] [Render thread/INFO] [mezz.jei.library.load.PluginCaller/]: Registering extra ingredients...
[25Sep2026 23:39:23.634] [Render thread/INFO] [mezz.jei.library.load.PluginCaller/]: Registering extra ingredients took 3.278 milliseconds
[25Sep2026 23:39:23.636] [Render thread/INFO] [mezz.jei.library.load.PluginCaller/]: Registering search ingredient aliases...
[25Sep2026 23:39:23.639] [Render thread/INFO] [mezz.jei.library.load.PluginCaller/]: Registering search ingredient aliases took 3.166 milliseconds
[25Sep2026 23:39:23.718] [Render thread/INFO] [mezz.jei.library.load.PluginCaller/]: Registering Mod Info...
[25Sep2026 23:39:23.720] [Render thread/INFO] [mezz.jei.library.load.PluginCaller/]: Registering Mod Info took 2.324 milliseconds
[25Sep2026 23:39:23.786] [Render thread/INFO] [mezz.jei.library.load.PluginCaller/]: Registering categories...
[25Sep2026 23:39:23.927] [Render thread/INFO] [mezz.jei.library.load.PluginCallerTimerRunnable/]: Registering categories: jei:minecraft took 139.4 milliseconds
[25Sep2026 23:39:23.947] [Render thread/INFO] [mezz.jei.library.load.PluginCallerTimerRunnable/]: Registering categories: irons_spellbooks:jei_plugin took 18.51 milliseconds
[25Sep2026 23:39:23.965] [Render thread/INFO] [mezz.jei.library.load.PluginCallerTimerRunnable/]: Registering categories: jei:internal took 17.65 milliseconds
[25Sep2026 23:39:23.966] [Render thread/INFO] [mezz.jei.library.load.PluginCaller/]: Registering categories took 179.0 milliseconds
[25Sep2026 23:39:23.969] [Render thread/INFO] [mezz.jei.library.load.PluginCaller/]: Registering vanilla category extensions...
[25Sep2026 23:39:23.982] [Render thread/INFO] [mezz.jei.library.load.PluginCaller/]: Registering vanilla category extensions took 12.65 milliseconds
[25Sep2026 23:39:23.985] [Render thread/INFO] [mezz.jei.library.load.PluginCaller/]: Registering recipe catalysts...
[25Sep2026 23:39:23.990] [Render thread/INFO] [mezz.jei.library.load.PluginCaller/]: Registering recipe catalysts took 3.947 milliseconds
[25Sep2026 23:39:23.991] [Render thread/INFO] [mezz.jei.core.util.LoggedTimer/]: Building recipe registry...
[25Sep2026 23:39:24.261] [Render thread/INFO] [mezz.jei.core.util.LoggedTimer/]: Building recipe registry took 269.7 milliseconds
[25Sep2026 23:39:24.265] [Render thread/INFO] [mezz.jei.library.load.PluginCaller/]: Registering advanced plugins...
[25Sep2026 23:39:24.272] [Render thread/INFO] [mezz.jei.library.load.registration.AdvancedRegistration/]: Added typed recipe manager plugin: class io.redspace.ironsspellbooks.jei.AlchemistCauldronAdvancedHandler
[25Sep2026 23:39:24.272] [Render thread/INFO] [mezz.jei.library.load.PluginCaller/]: Registering advanced plugins took 6.901 milliseconds
[25Sep2026 23:39:24.276] [Render thread/INFO] [mezz.jei.library.load.PluginCaller/]: Registering recipes...
[25Sep2026 23:39:27.241] [Render thread/INFO] [mezz.jei.library.load.PluginCallerTimerRunnable/]: Registering recipes: jei:minecraft took 2.965 seconds
[25Sep2026 23:39:29.846] [Render thread/INFO] [mezz.jei.library.load.PluginCallerTimerRunnable/]: Registering recipes: irons_spellbooks:jei_plugin took 2.604 seconds
[25Sep2026 23:39:30.193] [Render thread/INFO] [mezz.jei.library.load.PluginCallerTimerRunnable/]: Registering recipes: jei:internal took 135.8 milliseconds
[25Sep2026 23:39:30.195] [Render thread/INFO] [mezz.jei.library.load.PluginCaller/]: Registering recipes took 5.919 seconds
[25Sep2026 23:39:30.222] [Render thread/INFO] [mezz.jei.library.load.PluginCaller/]: Registering recipes transfer handlers...
[25Sep2026 23:39:30.252] [Render thread/INFO] [mezz.jei.library.load.PluginCallerTimerRunnable/]: Registering recipes transfer handlers: jei:neoforge_gui took 16.27 milliseconds
[25Sep2026 23:39:30.253] [Render thread/INFO] [mezz.jei.library.load.PluginCaller/]: Registering recipes transfer handlers took 29.94 milliseconds
[25Sep2026 23:39:30.288] [Render thread/INFO] [mezz.jei.core.util.LoggedTimer/]: Building runtime...
[25Sep2026 23:39:30.295] [Render thread/INFO] [mezz.jei.library.load.PluginCaller/]: Registering gui handlers...
[25Sep2026 23:39:30.327] [Render thread/INFO] [mezz.jei.library.load.PluginCallerTimerRunnable/]: Registering gui handlers: jei:gui took 20.36 milliseconds
[25Sep2026 23:39:30.331] [Render thread/INFO] [mezz.jei.library.load.PluginCaller/]: Registering gui handlers took 35.84 milliseconds
[25Sep2026 23:39:30.345] [Render thread/INFO] [mezz.jei.library.load.PluginCaller/]: Registering Runtime...
[25Sep2026 23:39:30.356] [Render thread/INFO] [mezz.jei.gui.startup.JeiGuiStarter/]: Starting JEI GUI
[25Sep2026 23:39:30.359] [Render thread/INFO] [mezz.jei.core.util.LoggedTimer/]: Building ingredient list...
[25Sep2026 23:39:30.519] [Render thread/INFO] [mezz.jei.core.util.LoggedTimer/]: Building ingredient list took 160.6 milliseconds
[25Sep2026 23:39:30.520] [Render thread/INFO] [mezz.jei.core.util.LoggedTimer/]: Building ingredient filter...
[25Sep2026 23:39:30.686] [Render thread/INFO] [mezz.jei.gui.ingredients.IngredientFilter/]: Adding 2816 ingredients
[25Sep2026 23:39:34.501] [Render thread/INFO] [mezz.jei.gui.ingredients.IngredientFilter/]: Added 2816 ingredients
[25Sep2026 23:39:34.504] [Render thread/INFO] [mezz.jei.core.util.LoggedTimer/]: Building ingredient filter took 3.984 seconds
[25Sep2026 23:39:35.447] [pool-30-thread-1/ERROR] [mezz.jei.library.load.PluginCallerTimerRunnable/]: Registering Runtime: jei:neoforge_gui is running and has taken 5.099 seconds so far
[25Sep2026 23:39:36.927] [Render thread/INFO] [mezz.jei.library.load.PluginCallerTimerRunnable/]: Registering Runtime: jei:neoforge_gui took 6.579 seconds
[25Sep2026 23:39:36.943] [Render thread/INFO] [mezz.jei.library.load.PluginCaller/]: Registering Runtime took 6.597 seconds
[25Sep2026 23:39:36.946] [Render thread/INFO] [mezz.jei.core.util.LoggedTimer/]: Building runtime took 6.657 seconds
[25Sep2026 23:39:36.947] [Render thread/INFO] [mezz.jei.library.load.PluginCaller/]: Sending Runtime...
[25Sep2026 23:39:36.949] [Render thread/INFO] [mezz.jei.library.load.PluginCaller/]: Sending Runtime took 2.153 milliseconds
[25Sep2026 23:39:36.950] [Render thread/INFO] [mezz.jei.core.util.LoggedTimer/]: Starting JEI took 14.00 seconds
[25Sep2026 23:39:37.450] [Server thread/WARN] [net.minecraft.server.MinecraftServer/]: Can't keep up! Is the server overloaded? Running 2003ms or 40 ticks behind
[25Sep2026 23:39:37.464] [Render thread/INFO] [snownee.jade.Jade/]: Received config from the server: 
[25Sep2026 23:39:37.484] [Render thread/INFO] [Moonlight/]: Overriding configs moonlight-common.toml with synced configs (editable)
[25Sep2026 23:39:37.496] [Render thread/INFO] [Moonlight/]: Detected config change in moonlight-common.toml, from neoforge config event
[25Sep2026 23:39:37.512] [Render thread/INFO] [Moonlight/]: Detected config change in moonlight-common.toml, from neoforge config event
[25Sep2026 23:39:37.512] [Render thread/INFO] [Moonlight/]: Synced moonlight-common.toml configs
[25Sep2026 23:39:37.522] [Render thread/INFO] [net.minecraft.advancements.AdvancementTree/]: Loaded 92 advancements
[25Sep2026 23:39:38.232] [FileWatcher-1-thread-1/INFO] [Moonlight/]: Detected config change in moonlight-common.toml, from neoforge config event
[25Sep2026 23:40:04.779] [Render thread/INFO] [net.minecraft.advancements.AdvancementTree/]: Loaded 110 advancements
[25Sep2026 23:40:47.571] [Render thread/INFO] [net.minecraft.advancements.AdvancementTree/]: Loaded 119 advancements
[25Sep2026 23:40:58.151] [Render thread/INFO] [net.minecraft.advancements.AdvancementTree/]: Loaded 120 advancements
[25Sep2026 23:42:14.144] [Server thread/INFO] [net.minecraft.server.MinecraftServer/]: [Dev: Set the time to 13000]
[25Sep2026 23:42:14.179] [Render thread/INFO] [net.minecraft.client.gui.components.ChatComponent/]: [System] [CHAT] Set the time to 13000
[25Sep2026 23:42:18.116] [Render thread/INFO] [net.minecraft.client.gui.components.ChatComponent/]: [System] [CHAT] Saved screenshot as 2026-09-25_23.42.18.png
[25Sep2026 23:42:20.849] [Server thread/INFO] [net.minecraft.client.server.IntegratedServer/]: Saving and pausing game...
[25Sep2026 23:42:21.081] [Server thread/INFO] [net.minecraft.server.MinecraftServer/]: Saving chunks for level 'ServerLevel[New World]'/minecraft:overworld
[25Sep2026 23:42:21.123] [Server thread/INFO] [net.minecraft.server.MinecraftServer/]: Saving chunks for level 'ServerLevel[New World]'/minecraft:the_nether
[25Sep2026 23:42:21.124] [Server thread/INFO] [net.minecraft.server.MinecraftServer/]: Saving chunks for level 'ServerLevel[New World]'/irons_spellbooks:pocket_dimension
[25Sep2026 23:42:21.124] [Server thread/INFO] [net.minecraft.server.MinecraftServer/]: Saving chunks for level 'ServerLevel[New World]'/minecraft:the_end
[25Sep2026 23:43:51.100] [Server thread/INFO] [net.minecraft.client.server.IntegratedServer/]: Saving and pausing game...
[25Sep2026 23:43:51.259] [Server thread/INFO] [net.minecraft.server.MinecraftServer/]: Saving chunks for level 'ServerLevel[New World]'/minecraft:overworld
[25Sep2026 23:43:51.266] [Server thread/INFO] [net.minecraft.server.MinecraftServer/]: Saving chunks for level 'ServerLevel[New World]'/minecraft:the_nether
[25Sep2026 23:43:51.267] [Server thread/INFO] [net.minecraft.server.MinecraftServer/]: Saving chunks for level 'ServerLevel[New World]'/irons_spellbooks:pocket_dimension
[25Sep2026 23:43:51.268] [Server thread/INFO] [net.minecraft.server.MinecraftServer/]: Saving chunks for level 'ServerLevel[New World]'/minecraft:the_end
[25Sep2026 23:45:39.454] [Render thread/INFO] [net.minecraft.advancements.AdvancementTree/]: Loaded 121 advancements
[25Sep2026 23:46:09.208] [Render thread/INFO] [net.minecraft.advancements.AdvancementTree/]: Loaded 141 advancements
[25Sep2026 23:46:29.524] [Server thread/INFO] [net.minecraft.server.MinecraftServer/]: [Dev: Set own game mode to Survival Mode]
[25Sep2026 23:46:29.547] [Render thread/INFO] [net.minecraft.client.gui.components.ChatComponent/]: [System] [CHAT] Set own game mode to Survival Mode
[25Sep2026 23:46:38.350] [Server thread/INFO] [net.minecraft.server.MinecraftServer/]: [Dev: Set own game mode to Creative Mode]
[25Sep2026 23:46:38.361] [Render thread/INFO] [net.minecraft.client.gui.components.ChatComponent/]: [System] [CHAT] Set own game mode to Creative Mode
[25Sep2026 23:46:50.161] [Server thread/INFO] [net.minecraft.server.MinecraftServer/]: [Dev: Set own game mode to Survival Mode]
[25Sep2026 23:46:50.170] [Render thread/INFO] [net.minecraft.client.gui.components.ChatComponent/]: [System] [CHAT] Set own game mode to Survival Mode
[25Sep2026 23:46:52.015] [Server thread/INFO] [net.minecraft.server.MinecraftServer/]: [Dev: Set own game mode to Creative Mode]
[25Sep2026 23:46:52.024] [Render thread/INFO] [net.minecraft.client.gui.components.ChatComponent/]: [System] [CHAT] Set own game mode to Creative Mode
[25Sep2026 23:46:55.406] [Server thread/INFO] [net.minecraft.server.MinecraftServer/]: [Dev: Set own game mode to Survival Mode]
[25Sep2026 23:46:55.408] [Render thread/INFO] [net.minecraft.client.gui.components.ChatComponent/]: [System] [CHAT] Set own game mode to Survival Mode
[25Sep2026 23:46:57.993] [Render thread/INFO] [net.minecraft.advancements.AdvancementTree/]: Loaded 141 advancements
[25Sep2026 23:47:35.462] [Server thread/INFO] [net.minecraft.server.MinecraftServer/]: Dev's life was drained by The Dead King
[25Sep2026 23:47:35.510] [Render thread/INFO] [net.minecraft.client.gui.components.ChatComponent/]: [System] [CHAT] Dev's life was drained by The Dead King
[25Sep2026 23:49:02.451] [Server thread/INFO] [net.minecraft.server.MinecraftServer/]: Dev was engulfed by The Dead King's blazing fires
[25Sep2026 23:49:02.464] [Render thread/INFO] [net.minecraft.client.gui.components.ChatComponent/]: [System] [CHAT] Dev was engulfed by The Dead King's blazing fires
[25Sep2026 23:49:08.798] [Server thread/INFO] [net.minecraft.server.MinecraftServer/]: [Dev: Set own game mode to Creative Mode]
[25Sep2026 23:49:08.817] [Render thread/INFO] [net.minecraft.client.gui.components.ChatComponent/]: [System] [CHAT] Set own game mode to Creative Mode
[25Sep2026 23:49:47.432] [Server thread/INFO] [net.minecraft.server.MinecraftServer/]: [Dev: Set own game mode to Survival Mode]
[25Sep2026 23:49:47.442] [Render thread/INFO] [net.minecraft.client.gui.components.ChatComponent/]: [System] [CHAT] Set own game mode to Survival Mode
[25Sep2026 23:50:08.303] [Server thread/INFO] [net.minecraft.server.MinecraftServer/]: Dev has completed the challenge [Ventilated]
[25Sep2026 23:50:08.308] [Render thread/INFO] [net.minecraft.client.gui.components.ChatComponent/]: [System] [CHAT] Dev has completed the challenge [Ventilated]
[25Sep2026 23:50:08.356] [Render thread/INFO] [net.minecraft.advancements.AdvancementTree/]: Loaded 141 advancements
[25Sep2026 23:50:25.556] [Server thread/INFO] [net.minecraft.server.MinecraftServer/]: Dev was caught by The Dead King's fangs
[25Sep2026 23:50:25.568] [Render thread/INFO] [net.minecraft.client.gui.components.ChatComponent/]: [System] [CHAT] Dev was caught by The Dead King's fangs
[25Sep2026 23:50:30.950] [Server thread/WARN] [net.minecraft.server.MinecraftServer/]: Can't keep up! Is the server overloaded? Running 3003ms or 60 ticks behind
[25Sep2026 23:50:35.250] [Server thread/INFO] [net.minecraft.server.MinecraftServer/]: [Dev: Set own game mode to Creative Mode]
[25Sep2026 23:50:35.260] [Render thread/INFO] [net.minecraft.client.gui.components.ChatComponent/]: [System] [CHAT] Set own game mode to Creative Mode
[25Sep2026 23:50:45.999] [Server thread/INFO] [net.minecraft.server.MinecraftServer/]: [Dev: Set own game mode to Survival Mode]
[25Sep2026 23:50:46.015] [Render thread/INFO] [net.minecraft.client.gui.components.ChatComponent/]: [System] [CHAT] Set own game mode to Survival Mode
[25Sep2026 23:50:53.049] [Server thread/INFO] [net.minecraft.server.MinecraftServer/]: [Dev: Set own game mode to Creative Mode]
[25Sep2026 23:50:53.056] [Render thread/INFO] [net.minecraft.client.gui.components.ChatComponent/]: [System] [CHAT] Set own game mode to Creative Mode
[25Sep2026 23:51:13.520] [Render thread/INFO] [net.minecraft.client.gui.components.ChatComponent/]: [System] [CHAT] Set own game mode to Survival Mode
[25Sep2026 23:51:13.514] [Server thread/INFO] [net.minecraft.server.MinecraftServer/]: [Dev: Set own game mode to Survival Mode]
[25Sep2026 23:51:39.494] [Server thread/INFO] [net.minecraft.server.MinecraftServer/]: Dev has completed the challenge [Through and Through]
[25Sep2026 23:51:39.527] [Render thread/INFO] [net.minecraft.client.gui.components.ChatComponent/]: [System] [CHAT] Dev has completed the challenge [Through and Through]
[25Sep2026 23:51:39.529] [Render thread/INFO] [net.minecraft.advancements.AdvancementTree/]: Loaded 141 advancements
[25Sep2026 23:51:39.534] [Sound engine/WARN] [com.mojang.blaze3d.audio.Library/]: Maximum sound pool size 247 reached
[25Sep2026 23:51:39.539] [Render thread/WARN] [net.minecraft.client.sounds.SoundEngine/]: Failed to create new sound handle
[25Sep2026 23:51:39.540] [Sound engine/WARN] [com.mojang.blaze3d.audio.Library/]: Maximum sound pool size 247 reached
[25Sep2026 23:51:39.540] [Render thread/WARN] [net.minecraft.client.sounds.SoundEngine/]: Failed to create new sound handle
[25Sep2026 23:51:39.540] [Sound engine/WARN] [com.mojang.blaze3d.audio.Library/]: Maximum sound pool size 247 reached
[25Sep2026 23:51:39.540] [Render thread/WARN] [net.minecraft.client.sounds.SoundEngine/]: Failed to create new sound handle
[25Sep2026 23:51:39.541] [Sound engine/WARN] [com.mojang.blaze3d.audio.Library/]: Maximum sound pool size 247 reached
[25Sep2026 23:51:39.541] [Render thread/WARN] [net.minecraft.client.sounds.SoundEngine/]: Failed to create new sound handle
[25Sep2026 23:51:39.542] [Sound engine/WARN] [com.mojang.blaze3d.audio.Library/]: Maximum sound pool size 247 reached
[25Sep2026 23:51:39.542] [Render thread/WARN] [net.minecraft.client.sounds.SoundEngine/]: Failed to create new sound handle
[25Sep2026 23:51:39.542] [Sound engine/WARN] [com.mojang.blaze3d.audio.Library/]: Maximum sound pool size 247 reached
[25Sep2026 23:51:39.542] [Render thread/WARN] [net.minecraft.client.sounds.SoundEngine/]: Failed to create new sound handle
[25Sep2026 23:51:39.543] [Sound engine/WARN] [com.mojang.blaze3d.audio.Library/]: Maximum sound pool size 247 reached
[25Sep2026 23:51:39.543] [Render thread/WARN] [net.minecraft.client.sounds.SoundEngine/]: Failed to create new sound handle
[25Sep2026 23:51:39.563] [Sound engine/WARN] [com.mojang.blaze3d.audio.Library/]: Maximum sound pool size 247 reached
[25Sep2026 23:51:39.563] [Render thread/WARN] [net.minecraft.client.sounds.SoundEngine/]: Failed to create new sound handle
[25Sep2026 23:51:39.563] [Sound engine/WARN] [com.mojang.blaze3d.audio.Library/]: Maximum sound pool size 247 reached
[25Sep2026 23:51:39.564] [Render thread/WARN] [net.minecraft.client.sounds.SoundEngine/]: Failed to create new sound handle
[25Sep2026 23:51:39.564] [Sound engine/WARN] [com.mojang.blaze3d.audio.Library/]: Maximum sound pool size 247 reached
[25Sep2026 23:51:39.564] [Render thread/WARN] [net.minecraft.client.sounds.SoundEngine/]: Failed to create new sound handle
[25Sep2026 23:51:39.564] [Sound engine/WARN] [com.mojang.blaze3d.audio.Library/]: Maximum sound pool size 247 reached
[25Sep2026 23:51:39.564] [Render thread/WARN] [net.minecraft.client.sounds.SoundEngine/]: Failed to create new sound handle
[25Sep2026 23:51:39.564] [Sound engine/WARN] [com.mojang.blaze3d.audio.Library/]: Maximum sound pool size 247 reached
[25Sep2026 23:51:39.565] [Render thread/WARN] [net.minecraft.client.sounds.SoundEngine/]: Failed to create new sound handle
[25Sep2026 23:51:39.565] [Sound engine/WARN] [com.mojang.blaze3d.audio.Library/]: Maximum sound pool size 247 reached
[25Sep2026 23:51:39.565] [Render thread/WARN] [net.minecraft.client.sounds.SoundEngine/]: Failed to create new sound handle
[25Sep2026 23:51:39.565] [Sound engine/WARN] [com.mojang.blaze3d.audio.Library/]: Maximum sound pool size 247 reached
[25Sep2026 23:51:39.565] [Render thread/WARN] [net.minecraft.client.sounds.SoundEngine/]: Failed to create new sound handle
[25Sep2026 23:51:39.565] [Sound engine/WARN] [com.mojang.blaze3d.audio.Library/]: Maximum sound pool size 247 reached
[25Sep2026 23:51:39.566] [Render thread/WARN] [net.minecraft.client.sounds.SoundEngine/]: Failed to create new sound handle
[25Sep2026 23:51:42.909] [Sound engine/WARN] [com.mojang.blaze3d.audio.Library/]: Maximum sound pool size 247 reached
[25Sep2026 23:51:42.910] [Render thread/WARN] [net.minecraft.client.sounds.SoundEngine/]: Failed to create new sound handle
[25Sep2026 23:51:42.910] [Sound engine/WARN] [com.mojang.blaze3d.audio.Library/]: Maximum sound pool size 247 reached
[25Sep2026 23:51:42.910] [Render thread/WARN] [net.minecraft.client.sounds.SoundEngine/]: Failed to create new sound handle
[25Sep2026 23:51:42.936] [Sound engine/WARN] [com.mojang.blaze3d.audio.Library/]: Maximum sound pool size 247 reached
[25Sep2026 23:51:42.936] [Render thread/WARN] [net.minecraft.client.sounds.SoundEngine/]: Failed to create new sound handle
[25Sep2026 23:51:43.009] [Sound engine/WARN] [com.mojang.blaze3d.audio.Library/]: Maximum sound pool size 247 reached
[25Sep2026 23:51:43.010] [Render thread/WARN] [net.minecraft.client.sounds.SoundEngine/]: Failed to create new sound handle
[25Sep2026 23:51:43.010] [Sound engine/WARN] [com.mojang.blaze3d.audio.Library/]: Maximum sound pool size 247 reached
[25Sep2026 23:51:43.010] [Render thread/WARN] [net.minecraft.client.sounds.SoundEngine/]: Failed to create new sound handle
[25Sep2026 23:51:43.010] [Sound engine/WARN] [com.mojang.blaze3d.audio.Library/]: Maximum sound pool size 247 reached
[25Sep2026 23:51:43.010] [Render thread/WARN] [net.minecraft.client.sounds.SoundEngine/]: Failed to create new sound handle
[25Sep2026 23:51:43.010] [Sound engine/WARN] [com.mojang.blaze3d.audio.Library/]: Maximum sound pool size 247 reached
[25Sep2026 23:51:43.011] [Render thread/WARN] [net.minecraft.client.sounds.SoundEngine/]: Failed to create new sound handle
[25Sep2026 23:51:43.011] [Sound engine/WARN] [com.mojang.blaze3d.audio.Library/]: Maximum sound pool size 247 reached
[25Sep2026 23:51:43.012] [Render thread/WARN] [net.minecraft.client.sounds.SoundEngine/]: Failed to create new sound handle
[25Sep2026 23:51:43.039] [Sound engine/WARN] [com.mojang.blaze3d.audio.Library/]: Maximum sound pool size 247 reached
[25Sep2026 23:51:43.039] [Render thread/WARN] [net.minecraft.client.sounds.SoundEngine/]: Failed to create new sound handle
[25Sep2026 23:52:03.652] [Server thread/INFO] [net.minecraft.server.MinecraftServer/]: Dev was blasted by The Dead King
[25Sep2026 23:52:03.669] [Render thread/INFO] [net.minecraft.client.gui.components.ChatComponent/]: [System] [CHAT] Dev was blasted by The Dead King
[25Sep2026 23:53:00.150] [Server thread/INFO] [net.minecraft.server.MinecraftServer/]: Dev was shot by Summoned Skeleton
[25Sep2026 23:53:00.164] [Render thread/INFO] [net.minecraft.client.gui.components.ChatComponent/]: [System] [CHAT] Dev was shot by Summoned Skeleton
[25Sep2026 23:53:05.300] [Server thread/INFO] [net.minecraft.server.MinecraftServer/]: [Dev: Set own game mode to Creative Mode]
[25Sep2026 23:53:05.312] [Render thread/INFO] [net.minecraft.client.gui.components.ChatComponent/]: [System] [CHAT] Set own game mode to Creative Mode
[25Sep2026 23:53:20.991] [Server thread/INFO] [net.minecraft.server.MinecraftServer/]: [Dev: Set own game mode to Survival Mode]
[25Sep2026 23:53:20.995] [Render thread/INFO] [net.minecraft.client.gui.components.ChatComponent/]: [System] [CHAT] Set own game mode to Survival Mode
[25Sep2026 23:53:24.611] [Server thread/INFO] [net.minecraft.server.MinecraftServer/]: [Dev: Set own game mode to Creative Mode]
[25Sep2026 23:53:24.627] [Render thread/INFO] [net.minecraft.client.gui.components.ChatComponent/]: [System] [CHAT] Set own game mode to Creative Mode
[25Sep2026 23:53:51.537] [Server thread/INFO] [net.minecraft.server.MinecraftServer/]: [Dev: Set own game mode to Survival Mode]
[25Sep2026 23:53:51.541] [Render thread/INFO] [net.minecraft.client.gui.components.ChatComponent/]: [System] [CHAT] Set own game mode to Survival Mode
[25Sep2026 23:54:10.153] [Render thread/INFO] [net.minecraft.advancements.AdvancementTree/]: Loaded 144 advancements
[25Sep2026 23:54:35.413] [Server thread/INFO] [net.minecraft.server.MinecraftServer/]: [Dev: Set own game mode to Creative Mode]
[25Sep2026 23:54:35.426] [Render thread/INFO] [net.minecraft.client.gui.components.ChatComponent/]: [System] [CHAT] Set own game mode to Creative Mode
